utils/scrollTransitions.ts(44,24): error TS2339: Property 'style' does not exist on type 'Element'.
